  Determinando os projetos a serem restaurados...
E:\desenvolvimento\R2M\fit-tracker\api\src\FitTracker.Domain\FitTracker.Domain.csproj : warning NU1900: Ocorreu um erro ao obter os dados de vulnerabilidade do pacote: N├úo ├® poss├¡vel carregar o ├¡ndice de servi├ºo para a origem https://pkgs.dev.azure.com/grupocpfl/Bibliotecas/_packaging/cpfl/nuget/v3/index.json. [E:\desenvolvimento\R2M\fit-tracker\api\src\FitTracker.Application\FitTracker.Application.csproj]
E:\desenvolvimento\R2M\fit-tracker\api\src\FitTracker.Application\FitTracker.Application.csproj : warning NU1900: Ocorreu um erro ao obter os dados de vulnerabilidade do pacote: N├úo ├® poss├¡vel carregar o ├¡ndice de servi├ºo para a origem https://pkgs.dev.azure.com/grupocpfl/Bibliotecas/_packaging/cpfl/nuget/v3/index.json.
  Todos os projetos est├úo atualizados para restaura├º├úo.
E:\desenvolvimento\R2M\fit-tracker\api\src\FitTracker.Application\FitTracker.Application.csproj : warning NU1900: Ocorreu um erro ao obter os dados de vulnerabilidade do pacote: N├úo ├® poss├¡vel carregar o ├¡ndice de servi├ºo para a origem https://pkgs.dev.azure.com/grupocpfl/Bibliotecas/_packaging/cpfl/nuget/v3/index.json.
E:\desenvolvimento\R2M\fit-tracker\api\src\FitTracker.Domain\FitTracker.Domain.csproj : warning NU1900: Ocorreu um erro ao obter os dados de vulnerabilidade do pacote: N├úo ├® poss├¡vel carregar o ├¡ndice de servi├ºo para a origem https://pkgs.dev.azure.com/grupocpfl/Bibliotecas/_packaging/cpfl/nuget/v3/index.json.
  FitTracker.Domain -> E:\desenvolvimento\R2M\fit-tracker\api\src\FitTracker.Domain\bin\Debug\net8.0\FitTracker.Domain.dll
E:\desenvolvimento\R2M\fit-tracker\api\src\FitTracker.Application\Services\Users\GetByRole\GetUsersByRoleQueryHandler.cs(25,17): warning CS8602: Desrefer├¬ncia de uma refer├¬ncia possivelmente nula. [E:\desenvolvimento\R2M\fit-tracker\api\src\FitTracker.Application\FitTracker.Application.csproj]
E:\desenvolvimento\R2M\fit-tracker\api\src\FitTracker.Application\Services\Users\Register\RegisterCommandHandler.cs(59,25): error CS7036: N├úo h├í nenhum argumento fornecido que corresponda ao par├ómetro necess├írio 'status' de 'User.User(UserId, Email, Document?, string, string?, string, UserRole, UserStatus)' [E:\desenvolvimento\R2M\fit-tracker\api\src\FitTracker.Application\FitTracker.Application.csproj]
E:\desenvolvimento\R2M\fit-tracker\api\src\FitTracker.Application\Services\Users\Register\RegisterCommandHandler.cs(73,48): error CS1501: Nenhuma sobrecarga para o m├®todo "GenerateRefreshToken" leva 1 argumentos [E:\desenvolvimento\R2M\fit-tracker\api\src\FitTracker.Application\FitTracker.Application.csproj]
E:\desenvolvimento\R2M\fit-tracker\api\src\FitTracker.Application\Services\Users\Register\RegisterCommandHandler.cs(75,91): warning CS8602: Desrefer├¬ncia de uma refer├¬ncia possivelmente nula. [E:\desenvolvimento\R2M\fit-tracker\api\src\FitTracker.Application\FitTracker.Application.csproj]
E:\desenvolvimento\R2M\fit-tracker\api\src\FitTracker.Application\Behaviors\ValidationPipelineBehavior.cs(48,24): warning CS8603: Poss├¡vel retorno de refer├¬ncia nula. [E:\desenvolvimento\R2M\fit-tracker\api\src\FitTracker.Application\FitTracker.Application.csproj]

FALHA da compila├º├úo.

E:\desenvolvimento\R2M\fit-tracker\api\src\FitTracker.Domain\FitTracker.Domain.csproj : warning NU1900: Ocorreu um erro ao obter os dados de vulnerabilidade do pacote: N├úo ├® poss├¡vel carregar o ├¡ndice de servi├ºo para a origem https://pkgs.dev.azure.com/grupocpfl/Bibliotecas/_packaging/cpfl/nuget/v3/index.json. [E:\desenvolvimento\R2M\fit-tracker\api\src\FitTracker.Application\FitTracker.Application.csproj]
E:\desenvolvimento\R2M\fit-tracker\api\src\FitTracker.Application\FitTracker.Application.csproj : warning NU1900: Ocorreu um erro ao obter os dados de vulnerabilidade do pacote: N├úo ├® poss├¡vel carregar o ├¡ndice de servi├ºo para a origem https://pkgs.dev.azure.com/grupocpfl/Bibliotecas/_packaging/cpfl/nuget/v3/index.json.
E:\desenvolvimento\R2M\fit-tracker\api\src\FitTracker.Application\FitTracker.Application.csproj : warning NU1900: Ocorreu um erro ao obter os dados de vulnerabilidade do pacote: N├úo ├® poss├¡vel carregar o ├¡ndice de servi├ºo para a origem https://pkgs.dev.azure.com/grupocpfl/Bibliotecas/_packaging/cpfl/nuget/v3/index.json.
E:\desenvolvimento\R2M\fit-tracker\api\src\FitTracker.Domain\FitTracker.Domain.csproj : warning NU1900: Ocorreu um erro ao obter os dados de vulnerabilidade do pacote: N├úo ├® poss├¡vel carregar o ├¡ndice de servi├ºo para a origem https://pkgs.dev.azure.com/grupocpfl/Bibliotecas/_packaging/cpfl/nuget/v3/index.json.
E:\desenvolvimento\R2M\fit-tracker\api\src\FitTracker.Application\Services\Users\GetByRole\GetUsersByRoleQueryHandler.cs(25,17): warning CS8602: Desrefer├¬ncia de uma refer├¬ncia possivelmente nula. [E:\desenvolvimento\R2M\fit-tracker\api\src\FitTracker.Application\FitTracker.Application.csproj]
E:\desenvolvimento\R2M\fit-tracker\api\src\FitTracker.Application\Services\Users\Register\RegisterCommandHandler.cs(75,91): warning CS8602: Desrefer├¬ncia de uma refer├¬ncia possivelmente nula. [E:\desenvolvimento\R2M\fit-tracker\api\src\FitTracker.Application\FitTracker.Application.csproj]
E:\desenvolvimento\R2M\fit-tracker\api\src\FitTracker.Application\Behaviors\ValidationPipelineBehavior.cs(48,24): warning CS8603: Poss├¡vel retorno de refer├¬ncia nula. [E:\desenvolvimento\R2M\fit-tracker\api\src\FitTracker.Application\FitTracker.Application.csproj]
E:\desenvolvimento\R2M\fit-tracker\api\src\FitTracker.Application\Services\Users\Register\RegisterCommandHandler.cs(59,25): error CS7036: N├úo h├í nenhum argumento fornecido que corresponda ao par├ómetro necess├írio 'status' de 'User.User(UserId, Email, Document?, string, string?, string, UserRole, UserStatus)' [E:\desenvolvimento\R2M\fit-tracker\api\src\FitTracker.Application\FitTracker.Application.csproj]
E:\desenvolvimento\R2M\fit-tracker\api\src\FitTracker.Application\Services\Users\Register\RegisterCommandHandler.cs(73,48): error CS1501: Nenhuma sobrecarga para o m├®todo "GenerateRefreshToken" leva 1 argumentos [E:\desenvolvimento\R2M\fit-tracker\api\src\FitTracker.Application\FitTracker.Application.csproj]
    7 Aviso(s)
    2 Erro(s)

Tempo Decorrido 00:00:01.38
